// Jest Snapshot v1, https://goo.gl/fbAQLP

exports[`Pruebas en <TodoAdd /> debe de mostrarse correctamente 1`] = `
<Fragment>
  <h4>
    Agregar Todo
  </h4>
  <hr />
  <form
    onSubmit={[Function]}
  >
    <input
      className="mb-3"
      name="descripcion"
      onChange={[Function]}
      placeholder="descripcion"
      type="text"
      value=""
    />
    <button
      className="btn btn-outline-primary btn-block"
      type="submit"
    >
      Agregar
    </button>
  </form>
</Fragment>
`;
